\BOOKMARK [1][-]{section.1}{\376\377\000T\036\325\000n\000g\000\040\000q\000u\000a\000n\000\040\000k\000i\036\277\000n\000\040\000t\000r\000\372\000c\000\040\000h\036\307\000\040\000t\000h\036\321\000n\000g}{}% 1
\BOOKMARK [1][-]{section.2}{\376\377\000C\001\241\000\040\000c\000h\036\277\000\040\000N\000o\000n\000-\000b\000l\000o\000c\000k\000i\000n\000g\000\040\000\050\000P\000h\036\247\000n\000\040\0002\000.\0001\000\051}{}% 2
\BOOKMARK [2][-]{subsection.2.1}{\376\377\000H\000a\000i\000\040\000c\000h\036\277\000\040\001\021\036\331\000\040\000x\036\355\000\040\000l\000\375\000\040\001\021\036\323\000n\000g\000\040\000t\000h\036\335\000i}{section.2}% 3
\BOOKMARK [2][-]{subsection.2.2}{\376\377\000C\000h\036\277\000\040\001\021\036\331\000\040\000C\000a\000l\000l\000b\000a\000c\000k\000\040\040\024\000\040\000C\000u\000s\000t\000o\000m\000\040\000s\000e\000l\000e\000c\000t\000\050\000\051\000\040\000E\000v\000e\000n\000t\000\040\000L\000o\000o\000p}{section.2}% 4
\BOOKMARK [2][-]{subsection.2.3}{\376\377\000K\000h\036\337\000i\000\040\001\021\036\331\000n\000g\000\040\000s\000e\000r\000v\000e\000r}{section.2}% 5
\BOOKMARK [1][-]{section.3}{\376\377\000X\000\341\000c\000\040\000t\000h\036\361\000c\000\040\000H\000T\000T\000P\000\040\000\050\000P\000h\036\247\000n\000\040\0002\000.\0002\000\051}{}% 6
\BOOKMARK [2][-]{subsection.3.1}{\376\377\000L\000u\036\323\000n\000g\000\040\000x\000\341\000c\000\040\000t\000h\036\361\000c\000\040\000t\000r\000o\000n\000g\000\040\000H\000t\000t\000p\000A\000d\000a\000p\000t\000e\000r\000.\000p\000r\000o\000c\000e\000s\000s\000\137\000r\000e\000q\000u\000e\000s\000t\000\050\000\051}{section.3}% 7
\BOOKMARK [2][-]{subsection.3.2}{\376\377\000Q\000u\036\243\000n\000\040\000l\000\375\000\040\000S\000e\000s\000s\000i\000o\000n}{section.3}% 8
\BOOKMARK [1][-]{section.4}{\376\377\000X\036\355\000\040\000l\000\375\000\040\000H\000T\000T\000P\000\040\000R\000e\000q\000u\000e\000s\000t\000\040\000v\000\340\000\040\000R\000e\000s\000p\000o\000n\000s\000e}{}% 9
\BOOKMARK [2][-]{subsection.4.1}{\376\377\000M\000o\000d\000u\000l\000e\000\040\000R\000e\000q\000u\000e\000s\000t\000\040\000\050\000d\000a\000e\000m\000o\000n\000/\000r\000e\000q\000u\000e\000s\000t\000.\000p\000y\000\051}{section.4}% 10
\BOOKMARK [2][-]{subsection.4.2}{\376\377\000M\000o\000d\000u\000l\000e\000\040\000H\000t\000t\000p\000A\000d\000a\000p\000t\000e\000r\000\040\000\050\000d\000a\000e\000m\000o\000n\000/\000h\000t\000t\000p\000a\000d\000a\000p\000t\000e\000r\000.\000p\000y\000\051}{section.4}% 11
\BOOKMARK [1][-]{section.5}{\376\377\036\350\000n\000g\000\040\000d\036\345\000n\000g\000\040\000C\000h\000a\000t\000\040\000H\000y\000b\000r\000i\000d\000\040\000\050\000P\000h\036\247\000n\000\040\0002\000.\0003\000\051}{}% 12
\BOOKMARK [2][-]{subsection.5.1}{\376\377\000K\000i\036\277\000n\000\040\000t\000r\000\372\000c\000\040\000H\000y\000b\000r\000i\000d\000\040\000C\000l\000i\000e\000n\000t\000-\000S\000e\000r\000v\000e\000r\000\040\000+\000\040\000P\0002\000P}{section.5}% 13
\BOOKMARK [2][-]{subsection.5.2}{\376\377\000G\000i\000a\000i\000\040\001\021\000o\036\241\000n\000\040\000k\000h\036\337\000i\000\040\000t\036\241\000o\000\040\000\050\000C\000l\000i\000e\000n\000t\040\023\000S\000e\000r\000v\000e\000r\000\051}{section.5}% 14
\BOOKMARK [2][-]{subsection.5.3}{\376\377\000G\000i\000a\000i\000\040\001\021\000o\036\241\000n\000\040\000C\000h\000a\000t\000\040\000\050\000P\000e\000e\000r\000-\000t\000o\000-\000P\000e\000e\000r\000,\000\040\000k\000h\000\364\000n\000g\000\040\000d\000\371\000n\000g\000\040\000a\000s\000y\000n\000c\000i\000o\000\051}{section.5}% 15
\BOOKMARK [1][-]{section.6}{\376\377\000B\000e\000n\000c\000h\000m\000a\000r\000k\000:\000\040\000T\000h\000r\000e\000a\000d\000i\000n\000g\000\040\000v\000s\000\040\000C\000a\000l\000l\000b\000a\000c\000k}{}% 16
\BOOKMARK [2][-]{subsection.6.1}{\376\377\000P\000h\001\260\001\241\000n\000g\000\040\000p\000h\000\341\000p}{section.6}% 17
\BOOKMARK [2][-]{subsection.6.2}{\376\377\000K\036\277\000t\000\040\000q\000u\036\243\000\040\001\021\000o\000\040\000l\001\260\036\335\000n\000g}{section.6}% 18
\BOOKMARK [2][-]{subsection.6.3}{\376\377\000P\000h\000\342\000n\000\040\000t\000\355\000c\000h}{section.6}% 19
\BOOKMARK [1][-]{section.7}{\376\377\000C\036\245\000u\000\040\000t\000r\000\372\000c\000\040\000f\000i\000l\000e\000\040\000d\036\361\000\040\000\341\000n}{}% 20
\BOOKMARK [1][-]{section.8}{\376\377\000K\036\277\000t\000\040\000l\000u\036\255\000n}{}% 21
